312:56
479:23
494:12
531:21
531:69
236:79
281:43